Begin Entropy Calculation using the first 20% of the entire trajectory

XXXXXXXXXXXXXXXXXXXXXXXXXXXXXXXXXXXX

Trans/Rot entropy estimate on weighted linear regression on first 9 nearest neighbours:
      -nan +/-       -nan R units

XXXXXXXXXXXXXXXXXXXXXXXXXXXXXXXXXXXX

XXXXXXXXXXXXXXXXXXXXXXXXXXXXXXXXXXXX

Trans entropy estimate on weighted linear regression on first 9 nearest neighbours:
     -7.41 +/-   0.111193 R units

XXXXXXXXXXXXXXXXXXXXXXXXXXXXXXXXXXXX

XXXXXXXXXXXXXXXXXXXXXXXXXXXXXXXXXXXX

Rot entropy estimate on weighted linear regression on first 9 nearest neighbours:
      -nan +/-       -nan R units

XXXXXXXXXXXXXXXXXXXXXXXXXXXXXXXXXXXX
Done Entropy Calculation using the first 20% of the entire trajectory

Begin Entropy Calculation using the first 40% of the entire trajectory

XXXXXXXXXXXXXXXXXXXXXXXXXXXXXXXXXXXX

Trans/Rot entropy estimate on weighted linear regression on first 19 nearest neighbours:
      -nan +/-       -nan R units

XXXXXXXXXXXXXXXXXXXXXXXXXXXXXXXXXXXX

XXXXXXXXXXXXXXXXXXXXXXXXXXXXXXXXXXXX

Trans entropy estimate on weighted linear regression on first 19 nearest neighbours:
      -nan +/-       -nan R units

XXXXXXXXXXXXXXXXXXXXXXXXXXXXXXXXXXXX

XXXXXXXXXXXXXXXXXXXXXXXXXXXXXXXXXXXX

Rot entropy estimate on weighted linear regression on first 19 nearest neighbours:
      -nan +/-       -nan R units

XXXXXXXXXXXXXXXXXXXXXXXXXXXXXXXXXXXX
Done Entropy Calculation using the first 40% of the entire trajectory

Begin Entropy Calculation using the first 60% of the entire trajectory

XXXXXXXXXXXXXXXXXXXXXXXXXXXXXXXXXXXX

Trans/Rot entropy estimate on weighted linear regression on first 20 nearest neighbours:
    -16.55 +/-   0.087397 R units

XXXXXXXXXXXXXXXXXXXXXXXXXXXXXXXXXXXX

XXXXXXXXXXXXXXXXXXXXXXXXXXXXXXXXXXXX

Trans entropy estimate on weighted linear regression on first 20 nearest neighbours:
     -7.03 +/-   0.078447 R units

XXXXXXXXXXXXXXXXXXXXXXXXXXXXXXXXXXXX

XXXXXXXXXXXXXXXXXXXXXXXXXXXXXXXXXXXX

Rot entropy estimate on weighted linear regression on first 20 nearest neighbours:
    -11.51 +/-   0.047981 R units

XXXXXXXXXXXXXXXXXXXXXXXXXXXXXXXXXXXX
Done Entropy Calculation using the first 60% of the entire trajectory

Begin Entropy Calculation using the first 80% of the entire trajectory

XXXXXXXXXXXXXXXXXXXXXXXXXXXXXXXXXXXX

Trans/Rot entropy estimate on weighted linear regression on first 20 nearest neighbours:
    -16.19 +/-   0.106444 R units

XXXXXXXXXXXXXXXXXXXXXXXXXXXXXXXXXXXX

XXXXXXXXXXXXXXXXXXXXXXXXXXXXXXXXXXXX

Trans entropy estimate on weighted linear regression on first 20 nearest neighbours:
     -6.58 +/-   0.054632 R units

XXXXXXXXXXXXXXXXXXXXXXXXXXXXXXXXXXXX

XXXXXXXXXXXXXXXXXXXXXXXXXXXXXXXXXXXX

Rot entropy estimate on weighted linear regression on first 20 nearest neighbours:
    -10.40 +/-   0.070814 R units

XXXXXXXXXXXXXXXXXXXXXXXXXXXXXXXXXXXX
Done Entropy Calculation using the first 80% of the entire trajectory

Begin Entropy Calculation using the first 100% of the entire trajectory

XXXXXXXXXXXXXXXXXXXXXXXXXXXXXXXXXXXX

Trans/Rot entropy estimate on weighted linear regression on first 20 nearest neighbours:
    -15.95 +/-   0.084057 R units

XXXXXXXXXXXXXXXXXXXXXXXXXXXXXXXXXXXX

XXXXXXXXXXXXXXXXXXXXXXXXXXXXXXXXXXXX

Trans entropy estimate on weighted linear regression on first 20 nearest neighbours:
     -6.38 +/-   0.051583 R units

XXXXXXXXXXXXXXXXXXXXXXXXXXXXXXXXXXXX

XXXXXXXXXXXXXXXXXXXXXXXXXXXXXXXXXXXX

Rot entropy estimate on weighted linear regression on first 20 nearest neighbours:
    -10.20 +/-   0.036588 R units

XXXXXXXXXXXXXXXXXXXXXXXXXXXXXXXXXXXX
Done Entropy Calculation using the first 100% of the entire trajectory

